// Jest Snapshot v1, https://goo.gl/fbAQLP

exports[`Alert component tests should render the Alert component with a message 1`] = `
<p
  className="my-8 rounded-md bg-red-200 border-2 border-red-400 text-red-700 p-4"
>
  Could not find the URL you are looking for.
</p>
`;
